Traceback (most recent call last):
  File "/home/jules/verification/verify_fluid.py", line 35, in <module>
    run_cuj(page)
  File "/home/jules/verification/verify_fluid.py", line 5, in run_cuj
    page.goto("http://localhost:3000")
  File "/home/jules/.pyenv/versions/3.12.13/lib/python3.12/site-packages/playwright/sync_api/_generated.py", line 9054, in goto
    self._sync(
  File "/home/jules/.pyenv/versions/3.12.13/lib/python3.12/site-packages/playwright/_impl/_sync_base.py", line 115, in _sync
    return task.result()
           ^^^^^^^^^^^^^
  File "/home/jules/.pyenv/versions/3.12.13/lib/python3.12/site-packages/playwright/_impl/_page.py", line 552, in goto
    return await self._main_frame.goto(**locals_to_params(locals()))
           ^^^^^^^^^^^^^^^^^^^^^^^^^^^^^^^^^^^^^^^^^^^^^^^^^^^^^^^^^
  File "/home/jules/.pyenv/versions/3.12.13/lib/python3.12/site-packages/playwright/_impl/_frame.py", line 153, in goto
    await self._channel.send(
  File "/home/jules/.pyenv/versions/3.12.13/lib/python3.12/site-packages/playwright/_impl/_connection.py", line 69, in send
    return await self._connection.wrap_api_call(
           ^^^^^^^^^^^^^^^^^^^^^^^^^^^^^^^^^^^^^
  File "/home/jules/.pyenv/versions/3.12.13/lib/python3.12/site-packages/playwright/_impl/_connection.py", line 559, in wrap_api_call
    raise rewrite_error(error, f"{parsed_st['apiName']}: {error}") from None
playwright._impl._errors.TimeoutError: Page.goto: Timeout 30000ms exceeded.
Call log:
  - navigating to "http://localhost:3000/", waiting until "load"
